{
  "version": "1.5.0",
  "plugins_used": [
    {
      "name": "ArtifactoryDetector"
    },
    {
      "name": "AWSKeyDetector"
    },
    {
      "name": "AzureStorageKeyDetector"
    },
    {
      "name": "Base64HighEntropyString",
      "limit": 4.5
    },
    {
      "name": "BasicAuthDetector"
    },
    {
      "name": "CloudantDetector"
    },
    {
      "name": "DiscordBotTokenDetector"
    },
    {
      "name": "GitHubTokenDetector"
    },
    {
      "name": "GitLabTokenDetector"
    },
    {
      "name": "HexHighEntropyString",
      "limit": 3.0
    },
    {
      "name": "IbmCloudIamDetector"
    },
    {
      "name": "IbmCosHmacDetector"
    },
    {
      "name": "IPPublicDetector"
    },
    {
      "name": "JwtTokenDetector"
    },
    {
      "name": "KeywordDetector",
      "keyword_exclude": ""
    },
    {
      "name": "MailchimpDetector"
    },
    {
      "name": "NpmDetector"
    },
    {
      "name": "OpenAIDetector"
    },
    {
      "name": "PrivateKeyDetector"
    },
    {
      "name": "PypiTokenDetector"
    },
    {
      "name": "SendGridDetector"
    },
    {
      "name": "SlackDetector"
    },
    {
      "name": "SoftlayerDetector"
    },
    {
      "name": "SquareOAuthDetector"
    },
    {
      "name": "StripeDetector"
    },
    {
      "name": "TelegramBotTokenDetector"
    },
    {
      "name": "TwilioKeyDetector"
    }
  ],
  "filters_used": [
    {
      "path": "detect_secrets.filters.allowlist.is_line_allowlisted"
    },
    {
      "path": "detect_secrets.filters.common.is_baseline_file",
      "filename": ".secrets.baseline"
    },
    {
      "path": "detect_secrets.filters.common.is_ignored_due_to_verification_policies",
      "min_level": 2
    },
    {
      "path": "detect_secrets.filters.heuristic.is_indirect_reference"
    },
    {
      "path": "detect_secrets.filters.heuristic.is_likely_id_string"
    },
    {
      "path": "detect_secrets.filters.heuristic.is_lock_file"
    },
    {
      "path": "detect_secrets.filters.heuristic.is_not_alphanumeric_string"
    },
    {
      "path": "detect_secrets.filters.heuristic.is_potential_uuid"
    },
    {
      "path": "detect_secrets.filters.heuristic.is_prefixed_with_dollar_sign"
    },
    {
      "path": "detect_secrets.filters.heuristic.is_sequential_string"
    },
    {
      "path": "detect_secrets.filters.heuristic.is_swagger_file"
    },
    {
      "path": "detect_secrets.filters.heuristic.is_templated_secret"
    },
    {
      "path": "detect_secrets.filters.regex.should_exclude_file",
      "pattern": [
        ".*\\.lock$",
        ".*lock\\.yaml$",
        ".*lock\\.json$",
        ".*\\.tfstate",
        ".*\\.terraform/.*"
      ]
    }
  ],
  "results": {
    ".env.example": [
      {
        "type": "Basic Auth Credentials",
        "filename": ".env.example",
        "hashed_secret": "dba9bfb06ab1152d8ab954ca08b9b848792a7332",
        "is_verified": false,
        "line_number": 10
      }
    ],
    "backend/src/config.rs": [
      {
        "type": "Basic Auth Credentials",
        "filename": "backend/src/config.rs",
        "hashed_secret": "dba9bfb06ab1152d8ab954ca08b9b848792a7332",
        "is_verified": false,
        "line_number": 61
      }
    ],
    "docker-compose.yml": [
      {
        "type": "Secret Keyword",
        "filename": "docker-compose.yml",
        "hashed_secret": "dba9bfb06ab1152d8ab954ca08b9b848792a7332",
        "is_verified": false,
        "line_number": 10
      }
    ],
    "docs/local-development.md": [
      {
        "type": "Basic Auth Credentials",
        "filename": "docs/local-development.md",
        "hashed_secret": "dba9bfb06ab1152d8ab954ca08b9b848792a7332",
        "is_verified": false,
        "line_number": 58
      },
      {
        "type": "Secret Keyword",
        "filename": "docs/local-development.md",
        "hashed_secret": "f865b53623b121fd34ee5426c792e5c33af8c227",
        "is_verified": false,
        "line_number": 127
      },
      {
        "type": "Secret Keyword",
        "filename": "docs/local-development.md",
        "hashed_secret": "9bc34549d565d9505b287de0cd20ac77be1d3f2c",
        "is_verified": false,
        "line_number": 259
      }
    ],
    "frontend/i18n/en.json": [
      {
        "type": "Secret Keyword",
        "filename": "frontend/i18n/en.json",
        "hashed_secret": "8be3c943b1609fffbfc51aad666d0a04adf83c9d",
        "is_verified": false,
        "line_number": 43
      },
      {
        "type": "Secret Keyword",
        "filename": "frontend/i18n/en.json",
        "hashed_secret": "49289db43e663a3df5e2c70714722ecc54895565",
        "is_verified": false,
        "line_number": 48
      },
      {
        "type": "Secret Keyword",
        "filename": "frontend/i18n/en.json",
        "hashed_secret": "4d5967896006c8a626ecef45e6312f6fc7d5b52f",
        "is_verified": false,
        "line_number": 49
      },
      {
        "type": "Secret Keyword",
        "filename": "frontend/i18n/en.json",
        "hashed_secret": "4894cb39ee419a77b480060f3e4a6d0a4d0fa01f",
        "is_verified": false,
        "line_number": 50
      },
      {
        "type": "Secret Keyword",
        "filename": "frontend/i18n/en.json",
        "hashed_secret": "c2d404cb7bad34de0af2136b8efa809ea96170fa",
        "is_verified": false,
        "line_number": 51
      },
      {
        "type": "Secret Keyword",
        "filename": "frontend/i18n/en.json",
        "hashed_secret": "47acd2028cf81b5da88ddeedb2aea4eca4b71fbd",
        "is_verified": false,
        "line_number": 280
      },
      {
        "type": "Secret Keyword",
        "filename": "frontend/i18n/en.json",
        "hashed_secret": "a28d7902db99198c3899ad9ba8f5b8b76ae22c4c",
        "is_verified": false,
        "line_number": 439
      },
      {
        "type": "Secret Keyword",
        "filename": "frontend/i18n/en.json",
        "hashed_secret": "e18ffc8d675b3373609c75f5cc1a7a229b887ed6",
        "is_verified": false,
        "line_number": 503
      }
    ],
    "frontend/i18n/zh.json": [
      {
        "type": "Secret Keyword",
        "filename": "frontend/i18n/zh.json",
        "hashed_secret": "47acd2028cf81b5da88ddeedb2aea4eca4b71fbd",
        "is_verified": false,
        "line_number": 280
      },
      {
        "type": "Secret Keyword",
        "filename": "frontend/i18n/zh.json",
        "hashed_secret": "a28d7902db99198c3899ad9ba8f5b8b76ae22c4c",
        "is_verified": false,
        "line_number": 438
      },
      {
        "type": "Secret Keyword",
        "filename": "frontend/i18n/zh.json",
        "hashed_secret": "5df1d83e18c6e5903e3f4805f0af1415fd050ef7",
        "is_verified": false,
        "line_number": 502
      }
    ]
  },
  "generated_at": "2026-04-07T00:53:28Z"
}
